/Users/wataru/SAP/SmartProductInspection/data/good/n23.jpg
/Users/wataru/SAP/SmartProductInspection/data/bad/a48.jpg
/Users/wataru/SAP/SmartProductInspection/data/bad/a32.jpg
/Users/wataru/SAP/SmartProductInspection/data/bad/a25.jpg
/Users/wataru/SAP/SmartProductInspection/data/good/n13.jpg
/Users/wataru/SAP/SmartProductInspection/data/good/n28.jpg
/Users/wataru/SAP/SmartProductInspection/data/bad/a44.jpg
/Users/wataru/SAP/SmartProductInspection/data/bad/a52.jpg
/Users/wataru/SAP/SmartProductInspection/data/good/n12.jpg
/Users/wataru/SAP/SmartProductInspection/data/bad/a60.jpg
/Users/wataru/SAP/SmartProductInspection/data/good/n6.jpg
/Users/wataru/SAP/SmartProductInspection/data/bad/a31.jpg
/Users/wataru/SAP/SmartProductInspection/data/bad/a45.jpg
/Users/wataru/SAP/SmartProductInspection/data/good/n22.jpg
/Users/wataru/SAP/SmartProductInspection/data/good/n11.jpg
/Users/wataru/SAP/SmartProductInspection/data/bad/a50.jpg
/Users/wataru/SAP/SmartProductInspection/data/good/n25.jpg
/Users/wataru/SAP/SmartProductInspection/data/good/n14.jpg
/Users/wataru/SAP/SmartProductInspection/data/bad/a30.jpg
/Users/wataru/SAP/SmartProductInspection/data/bad/a35.jpg
/Users/wataru/SAP/SmartProductInspection/data/good/n21.jpg
/Users/wataru/SAP/SmartProductInspection/data/good/n30.jpg
/Users/wataru/SAP/SmartProductInspection/data/good/n27.jpg
/Users/wataru/SAP/SmartProductInspection/data/good/n32.jpg
/Users/wataru/SAP/SmartProductInspection/data/good/n18.jpg
/Users/wataru/SAP/SmartProductInspection/data/good/n2.jpg
/Users/wataru/SAP/SmartProductInspection/data/bad/a46.jpg
/Users/wataru/SAP/SmartProductInspection/data/bad/a21.jpg
/Users/wataru/SAP/SmartProductInspection/data/bad/a28.jpg
/Users/wataru/SAP/SmartProductInspection/data/bad/a27.jpg
/Users/wataru/SAP/SmartProductInspection/data/bad/a40.jpg
/Users/wataru/SAP/SmartProductInspection/data/good/n17.jpg
/Users/wataru/SAP/SmartProductInspection/data/good/n7.jpg
/Users/wataru/SAP/SmartProductInspection/data/good/n29.jpg
/Users/wataru/SAP/SmartProductInspection/data/good/n26.jpg
/Users/wataru/SAP/SmartProductInspection/data/bad/a26.jpg
/Users/wataru/SAP/SmartProductInspection/data/good/n5.jpg
/Users/wataru/SAP/SmartProductInspection/data/bad/a49.jpg
/Users/wataru/SAP/SmartProductInspection/data/bad/a22.jpg
/Users/wataru/SAP/SmartProductInspection/data/bad/a53.jpg
/Users/wataru/SAP/SmartProductInspection/data/bad/a59.jpg
/Users/wataru/SAP/SmartProductInspection/data/good/n8.jpg
/Users/wataru/SAP/SmartProductInspection/data/bad/a58.jpg
/Users/wataru/SAP/SmartProductInspection/data/bad/a24.jpg
/Users/wataru/SAP/SmartProductInspection/data/bad/a56.jpg
/Users/wataru/SAP/SmartProductInspection/data/bad/a41.jpg
/Users/wataru/SAP/SmartProductInspection/data/bad/a54.jpg
/Users/wataru/SAP/SmartProductInspection/data/bad/a37.jpg
/Users/wataru/SAP/SmartProductInspection/data/good/n31.jpg
/Users/wataru/SAP/SmartProductInspection/data/bad/a57.jpg
/Users/wataru/SAP/SmartProductInspection/data/good/n1.jpg
/Users/wataru/SAP/SmartProductInspection/data/good/n10.jpg
/Users/wataru/SAP/SmartProductInspection/data/bad/a38.jpg
/Users/wataru/SAP/SmartProductInspection/data/good/n3.jpg
/Users/wataru/SAP/SmartProductInspection/data/good/n19.jpg
/Users/wataru/SAP/SmartProductInspection/data/good/n4.jpg
/Users/wataru/SAP/SmartProductInspection/data/bad/a23.jpg
/Users/wataru/SAP/SmartProductInspection/data/bad/a34.jpg