/Users/wataru/SmartProductInspection/CNN/data/bad/a35.jpg
/Users/wataru/SmartProductInspection/CNN/data/bad/a51.jpg
/Users/wataru/SmartProductInspection/CNN/data/bad/a36.jpg
/Users/wataru/SmartProductInspection/CNN/data/good/n19.jpg
/Users/wataru/SmartProductInspection/CNN/data/bad/a52.jpg
/Users/wataru/SmartProductInspection/CNN/data/good/n11.jpg
/Users/wataru/SmartProductInspection/CNN/data/bad/a31.jpg
/Users/wataru/SmartProductInspection/CNN/data/bad/a34.jpg
/Users/wataru/SmartProductInspection/CNN/data/bad/a25.jpg
/Users/wataru/SmartProductInspection/CNN/data/bad/a54.jpg
/Users/wataru/SmartProductInspection/CNN/data/good/n13.jpg
/Users/wataru/SmartProductInspection/CNN/data/good/n3.jpg
/Users/wataru/SmartProductInspection/CNN/data/bad/a37.jpg
/Users/wataru/SmartProductInspection/CNN/data/bad/a45.jpg
/Users/wataru/SmartProductInspection/CNN/data/good/n31.jpg
/Users/wataru/SmartProductInspection/CNN/data/bad/a30.jpg
/Users/wataru/SmartProductInspection/CNN/data/good/n24.jpg
/Users/wataru/SmartProductInspection/CNN/data/bad/a60.jpg
/Users/wataru/SmartProductInspection/CNN/data/good/n7.jpg
/Users/wataru/SmartProductInspection/CNN/data/good/n18.jpg
/Users/wataru/SmartProductInspection/CNN/data/bad/a46.jpg
/Users/wataru/SmartProductInspection/CNN/data/good/n15.jpg
/Users/wataru/SmartProductInspection/CNN/data/good/n23.jpg
/Users/wataru/SmartProductInspection/CNN/data/bad/a27.jpg
/Users/wataru/SmartProductInspection/CNN/data/bad/a58.jpg
/Users/wataru/SmartProductInspection/CNN/data/good/n21.jpg
/Users/wataru/SmartProductInspection/CNN/data/bad/a57.jpg
/Users/wataru/SmartProductInspection/CNN/data/bad/a40.jpg
/Users/wataru/SmartProductInspection/CNN/data/bad/a42.jpg
/Users/wataru/SmartProductInspection/CNN/data/good/n9.jpg
/Users/wataru/SmartProductInspection/CNN/data/good/n30.jpg
/Users/wataru/SmartProductInspection/CNN/data/bad/a23.jpg
/Users/wataru/SmartProductInspection/CNN/data/bad/a26.jpg
/Users/wataru/SmartProductInspection/CNN/data/good/n25.jpg
/Users/wataru/SmartProductInspection/CNN/data/bad/a49.jpg
/Users/wataru/SmartProductInspection/CNN/data/good/n12.jpg
/Users/wataru/SmartProductInspection/CNN/data/bad/a47.jpg
/Users/wataru/SmartProductInspection/CNN/data/bad/a56.jpg
/Users/wataru/SmartProductInspection/CNN/data/good/n6.jpg
/Users/wataru/SmartProductInspection/CNN/data/good/n14.jpg
/Users/wataru/SmartProductInspection/CNN/data/bad/a39.jpg
/Users/wataru/SmartProductInspection/CNN/data/bad/a28.jpg
/Users/wataru/SmartProductInspection/CNN/data/good/n1.jpg
/Users/wataru/SmartProductInspection/CNN/data/bad/a29.jpg
/Users/wataru/SmartProductInspection/CNN/data/bad/a32.jpg
/Users/wataru/SmartProductInspection/CNN/data/good/n26.jpg
/Users/wataru/SmartProductInspection/CNN/data/good/n8.jpg
/Users/wataru/SmartProductInspection/CNN/data/good/n27.jpg
/Users/wataru/SmartProductInspection/CNN/data/bad/a24.jpg
/Users/wataru/SmartProductInspection/CNN/data/bad/a48.jpg
/Users/wataru/SmartProductInspection/CNN/data/good/n16.jpg
/Users/wataru/SmartProductInspection/CNN/data/bad/a41.jpg
/Users/wataru/SmartProductInspection/CNN/data/bad/a53.jpg
/Users/wataru/SmartProductInspection/CNN/data/good/n32.jpg
/Users/wataru/SmartProductInspection/CNN/data/bad/a22.jpg
/Users/wataru/SmartProductInspection/CNN/data/good/n4.jpg
/Users/wataru/SmartProductInspection/CNN/data/good/n10.jpg
/Users/wataru/SmartProductInspection/CNN/data/bad/a43.jpg